Archive member included to satisfy reference by file (symbol)

E:/STM32_eco_system/cube_ide/STM32CubeIDE_1.13.2/STM32CubeIDE/plugins/com.st.stm32cube.ide.mcu.externaltools.gnu-tools-for-stm32.11.3.rel1.win32_1.1.1.202309131626/tools/bin/../lib/gcc/arm-none-eabi/11.3.1/../../../../arm-none-eabi/lib/thumb/v7e-m+fp/hard\libc_nano.a(libc_a-exit.o)
                              E:/STM32_eco_system/cube_ide/STM32CubeIDE_1.13.2/STM32CubeIDE/plugins/com.st.stm32cube.ide.mcu.externaltools.gnu-tools-for-stm32.11.3.rel1.win32_1.1.1.202309131626/tools/bin/../lib/gcc/arm-none-eabi/11.3.1/../../../../arm-none-eabi/lib/thumb/v7e-m+fp/hard/crt0.o (exit)
E:/STM32_eco_system/cube_ide/STM32CubeIDE_1.13.2/STM32CubeIDE/plugins/com.st.stm32cube.ide.mcu.externaltools.gnu-tools-for-stm32.11.3.rel1.win32_1.1.1.202309131626/tools/bin/../lib/gcc/arm-none-eabi/11.3.1/../../../../arm-none-eabi/lib/thumb/v7e-m+fp/hard\libc_nano.a(libc_a-findfp.o)
                              E:/STM32_eco_system/cube_ide/STM32CubeIDE_1.13.2/STM32CubeIDE/plugins/com.st.stm32cube.ide.mcu.externaltools.gnu-tools-for-stm32.11.3.rel1.win32_1.1.1.202309131626/tools/bin/../lib/gcc/arm-none-eabi/11.3.1/../../../../arm-none-eabi/lib/thumb/v7e-m+fp/hard\libc_nano.a(libc_a-exit.o) (__stdio_exit_handler)
E:/STM32_eco_system/cube_ide/STM32CubeIDE_1.13.2/STM32CubeIDE/plugins/com.st.stm32cube.ide.mcu.externaltools.gnu-tools-for-stm32.11.3.rel1.win32_1.1.1.202309131626/tools/bin/../lib/gcc/arm-none-eabi/11.3.1/../../../../arm-none-eabi/lib/thumb/v7e-m+fp/hard\libc_nano.a(libc_a-fwalk.o)
                              E:/STM32_eco_system/cube_ide/STM32CubeIDE_1.13.2/STM32CubeIDE/plugins/com.st.stm32cube.ide.mcu.externaltools.gnu-tools-for-stm32.11.3.rel1.win32_1.1.1.202309131626/tools/bin/../lib/gcc/arm-none-eabi/11.3.1/../../../../arm-none-eabi/lib/thumb/v7e-m+fp/hard\libc_nano.a(libc_a-findfp.o) (_fwalk_sglue)
E:/STM32_eco_system/cube_ide/STM32CubeIDE_1.13.2/STM32CubeIDE/plugins/com.st.stm32cube.ide.mcu.externaltools.gnu-tools-for-stm32.11.3.rel1.win32_1.1.1.202309131626/tools/bin/../lib/gcc/arm-none-eabi/11.3.1/../../../../arm-none-eabi/lib/thumb/v7e-m+fp/hard\libc_nano.a(libc_a-stdio.o)
                              E:/STM32_eco_system/cube_ide/STM32CubeIDE_1.13.2/STM32CubeIDE/plugins/com.st.stm32cube.ide.mcu.externaltools.gnu-tools-for-stm32.11.3.rel1.win32_1.1.1.202309131626/tools/bin/../lib/gcc/arm-none-eabi/11.3.1/../../../../arm-none-eabi/lib/thumb/v7e-m+fp/hard\libc_nano.a(libc_a-findfp.o) (__sread)
E:/STM32_eco_system/cube_ide/STM32CubeIDE_1.13.2/STM32CubeIDE/plugins/com.st.stm32cube.ide.mcu.externaltools.gnu-tools-for-stm32.11.3.rel1.win32_1.1.1.202309131626/tools/bin/../lib/gcc/arm-none-eabi/11.3.1/../../../../arm-none-eabi/lib/thumb/v7e-m+fp/hard\libc_nano.a(libc_a-memset.o)
                              E:/STM32_eco_system/cube_ide/STM32CubeIDE_1.13.2/STM32CubeIDE/plugins/com.st.stm32cube.ide.mcu.externaltools.gnu-tools-for-stm32.11.3.rel1.win32_1.1.1.202309131626/tools/bin/../lib/gcc/arm-none-eabi/11.3.1/../../../../arm-none-eabi/lib/thumb/v7e-m+fp/hard/crt0.o (memset)
E:/STM32_eco_system/cube_ide/STM32CubeIDE_1.13.2/STM32CubeIDE/plugins/com.st.stm32cube.ide.mcu.externaltools.gnu-tools-for-stm32.11.3.rel1.win32_1.1.1.202309131626/tools/bin/../lib/gcc/arm-none-eabi/11.3.1/../../../../arm-none-eabi/lib/thumb/v7e-m+fp/hard\libc_nano.a(libc_a-strchr.o)
                              ./Core/Src/msg_handler.o (strchr)
E:/STM32_eco_system/cube_ide/STM32CubeIDE_1.13.2/STM32CubeIDE/plugins/com.st.stm32cube.ide.mcu.externaltools.gnu-tools-for-stm32.11.3.rel1.win32_1.1.1.202309131626/tools/bin/../lib/gcc/arm-none-eabi/11.3.1/../../../../arm-none-eabi/lib/thumb/v7e-m+fp/hard\libc_nano.a(libc_a-strncpy.o)
                              ./Core/Src/msg_handler.o (strncpy)
E:/STM32_eco_system/cube_ide/STM32CubeIDE_1.13.2/STM32CubeIDE/plugins/com.st.stm32cube.ide.mcu.externaltools.gnu-tools-for-stm32.11.3.rel1.win32_1.1.1.202309131626/tools/bin/../lib/gcc/arm-none-eabi/11.3.1/../../../../arm-none-eabi/lib/thumb/v7e-m+fp/hard\libc_nano.a(libc_a-closer.o)
                              E:/STM32_eco_system/cube_ide/STM32CubeIDE_1.13.2/STM32CubeIDE/plugins/com.st.stm32cube.ide.mcu.externaltools.gnu-tools-for-stm32.11.3.rel1.win32_1.1.1.202309131626/tools/bin/../lib/gcc/arm-none-eabi/11.3.1/../../../../arm-none-eabi/lib/thumb/v7e-m+fp/hard\libc_nano.a(libc_a-stdio.o) (_close_r)
E:/STM32_eco_system/cube_ide/STM32CubeIDE_1.13.2/STM32CubeIDE/plugins/com.st.stm32cube.ide.mcu.externaltools.gnu-tools-for-stm32.11.3.rel1.win32_1.1.1.202309131626/tools/bin/../lib/gcc/arm-none-eabi/11.3.1/../../../../arm-none-eabi/lib/thumb/v7e-m+fp/hard\libc_nano.a(libc_a-reent.o)
                              E:/STM32_eco_system/cube_ide/STM32CubeIDE_1.13.2/STM32CubeIDE/plugins/com.st.stm32cube.ide.mcu.externaltools.gnu-tools-for-stm32.11.3.rel1.win32_1.1.1.202309131626/tools/bin/../lib/gcc/arm-none-eabi/11.3.1/../../../../arm-none-eabi/lib/thumb/v7e-m+fp/hard\libc_nano.a(libc_a-closer.o) (errno)
[...]
Memory Configuration

Name             Origin             Length             Attributes
CCMRAM           0x0000000010000000 0x0000000000004000 xrw
RAM              0x0000000020000000 0x0000000000010000 xrw
FLASH            0x0000000008000000 0x0000000000080000 xr
*default*        0x0000000000000000 0xffffffffffffffff

Linker script and memory map

LOAD E:/STM32_eco_system/cube_ide/STM32CubeIDE_1.13.2/STM32CubeIDE/plugins/com.st.stm32cube.ide.mcu.externaltools.gnu-tools-for-stm32.11.3.rel1.win32_1.1.1.202309131626/tools/bin/../lib/gcc/arm-none-eabi/11.3.1/thumb/v7e-m+fp/hard/crti.o
LOAD E:/STM32_eco_system/cube_ide/STM32CubeIDE_1.13.2/STM32CubeIDE/plugins/com.st.stm32cube.ide.mcu.externaltools.gnu-tools-for-stm32.11.3.rel1.win32_1.1.1.202309131626/tools/bin/../lib/gcc/arm-none-eabi/11.3.1/thumb/v7e-m+fp/hard/crtbegin.o
LOAD E:/STM32_eco_system/cube_ide/STM32CubeIDE_1.13.2/STM32CubeIDE/plugins/com.st.stm32cube.ide.mcu.externaltools.gnu-tools-for-stm32.11.3.rel1.win32_1.1.1.202309131626/tools/bin/../lib/gcc/arm-none-eabi/11.3.1/../../../../arm-none-eabi/lib/thumb/v7e-m+fp/hard/crt0.o
LOAD ./Core/Src/LCD1602.o
LOAD ./Core/Src/main.o
LOAD ./Core/Src/msg_handler.o
LOAD ./Core/Src/stm32f3xx_hal_msp.o
LOAD ./Core/Src/stm32f3xx_it.o
LOAD ./Core/Src/syscalls.o
LOAD ./Core/Src/sysmem.o
LOAD ./Core/Src/system_stm32f3xx.o
LOAD ./Core/Startup/startup_stm32f303retx.o
LOAD ./Drivers/STM32F3xx_HAL_Driver/Src/stm32f3xx_hal.o
LOAD ./Drivers/STM32F3xx_HAL_Driver/Src/stm32f3xx_hal_cortex.o
LOAD ./Drivers/STM32F3xx_HAL_Driver/Src/stm32f3xx_hal_dma.o
LOAD ./Drivers/STM32F3xx_HAL_Driver/Src/stm32f3xx_hal_exti.o
LOAD ./Drivers/STM32F3xx_HAL_Driver/Src/stm32f3xx_hal_flash.o
LOAD ./Drivers/STM32F3xx_HAL_Driver/Src/stm32f3xx_hal_flash_ex.o
LOAD ./Drivers/STM32F3xx_HAL_Driver/Src/stm32f3xx_hal_gpio.o
LOAD ./Drivers/STM32F3xx_HAL_Driver/Src/stm32f3xx_hal_i2c.o
LOAD ./Drivers/STM32F3xx_HAL_Driver/Src/stm32f3xx_hal_i2c_ex.o
LOAD ./Drivers/STM32F3xx_HAL_Driver/Src/stm32f3xx_hal_pwr.o
LOAD ./Drivers/STM32F3xx_HAL_Driver/Src/stm32f3xx_hal_pwr_ex.o
LOAD ./Drivers/STM32F3xx_HAL_Driver/Src/stm32f3xx_hal_rcc.o
LOAD ./Drivers/STM32F3xx_HAL_Driver/Src/stm32f3xx_hal_rcc_ex.o
LOAD ./Drivers/STM32F3xx_HAL_Driver/Src/stm32f3xx_hal_tim.o
LOAD ./Drivers/STM32F3xx_HAL_Driver/Src/stm32f3xx_hal_tim_ex.o
LOAD ./Drivers/STM32F3xx_HAL_Driver/Src/stm32f3xx_hal_uart.o
LOAD ./Drivers/STM32F3xx_HAL_Driver/Src/stm32f3xx_hal_uart_ex.o
START GROUP
LOAD E:/STM32_eco_system/cube_ide/STM32CubeIDE_1.13.2/STM32CubeIDE/plugins/com.st.stm32cube.ide.mcu.externaltools.gnu-tools-for-stm32.11.3.rel1.win32_1.1.1.202309131626/tools/bin/../lib/gcc/arm-none-eabi/11.3.1/../../../../arm-none-eabi/lib/thumb/v7e-m+fp/hard\libc_nano.a
LOAD E:/STM32_eco_system/cube_ide/STM32CubeIDE_1.13.2/STM32CubeIDE/plugins/com.st.stm32cube.ide.mcu.externaltools.gnu-tools-for-stm32.11.3.rel1.win32_1.1.1.202309131626/tools/bin/../lib/gcc/arm-none-eabi/11.3.1/../../../../arm-none-eabi/lib/thumb/v7e-m+fp/hard\libm.a
END GROUP
START GROUP
LOAD E:/STM32_eco_system/cube_ide/STM32CubeIDE_1.13.2/STM32CubeIDE/plugins/com.st.stm32cube.ide.mcu.externaltools.gnu-tools-for-stm32.11.3.rel1.win32_1.1.1.202309131626/tools/bin/../lib/gcc/arm-none-eabi/11.3.1/thumb/v7e-m+fp/hard\libgcc.a
LOAD E:/STM32_eco_system/cube_ide/STM32CubeIDE_1.13.2/STM32CubeIDE/plugins/com.st.stm32cube.ide.mcu.externaltools.gnu-tools-for-stm32.11.3.rel1.win32_1.1.1.202309131626/tools/bin/../lib/gcc/arm-none-eabi/11.3.1/../../../../arm-none-eabi/lib/thumb/v7e-m+fp/hard\libc_nano.a
END GROUP
START GROUP
LOAD E:/STM32_eco_system/cube_ide/STM32CubeIDE_1.13.2/STM32CubeIDE/plugins/com.st.stm32cube.ide.mcu.externaltools.gnu-tools-for-stm32.11.3.rel1.win32_1.1.1.202309131626/tools/bin/../lib/gcc/arm-none-eabi/11.3.1/thumb/v7e-m+fp/hard\libgcc.a
LOAD E:/STM32_eco_system/cube_ide/STM32CubeIDE_1.13.2/STM32CubeIDE/plugins/com.st.stm32cube.ide.mcu.externaltools.gnu-tools-for-stm32.11.3.rel1.win32_1.1.1.202309131626/tools/bin/../lib/gcc/arm-none-eabi/11.3.1/../../../../arm-none-eabi/lib/thumb/v7e-m+fp/hard\libc_nano.a
LOAD E:/STM32_eco_system/cube_ide/STM32CubeIDE_1.13.2/STM32CubeIDE/plugins/com.st.stm32cube.ide.mcu.externaltools.gnu-tools-for-stm32.11.3.rel1.win32_1.1.1.202309131626/tools/bin/../lib/gcc/arm-none-eabi/11.3.1/../../../../arm-none-eabi/lib/thumb/v7e-m+fp/hard\libnosys.a
END GROUP
START GROUP
LOAD E:/STM32_eco_system/cube_ide/STM32CubeIDE_1.13.2/STM32CubeIDE/plugins/com.st.stm32cube.ide.mcu.externaltools.gnu-tools-for-stm32.11.3.rel1.win32_1.1.1.202309131626/tools/bin/../lib/gcc/arm-none-eabi/11.3.1/thumb/v7e-m+fp/hard\libgcc.a
LOAD E:/STM32_eco_system/cube_ide/STM32CubeIDE_1.13.2/STM32CubeIDE/plugins/com.st.stm32cube.ide.mcu.externaltools.gnu-tools-for-stm32.11.3.rel1.win32_1.1.1.202309131626/tools/bin/../lib/gcc/arm-none-eabi/11.3.1/../../../../arm-none-eabi/lib/thumb/v7e-m+fp/hard\libc_nano.a
LOAD E:/STM32_eco_system/cube_ide/STM32CubeIDE_1.13.2/STM32CubeIDE/plugins/com.st.stm32cube.ide.mcu.externaltools.gnu-tools-for-stm32.11.3.rel1.win32_1.1.1.202309131626/tools/bin/../lib/gcc/arm-none-eabi/11.3.1/../../../../arm-none-eabi/lib/thumb/v7e-m+fp/hard\libnosys.a
END GROUP
LOAD E:/STM32_eco_system/cube_ide/STM32CubeIDE_1.13.2/STM32CubeIDE/plugins/com.st.stm32cube.ide.mcu.externaltools.gnu-tools-for-stm32.11.3.rel1.win32_1.1.1.202309131626/tools/bin/../lib/gcc/arm-none-eabi/11.3.1/thumb/v7e-m+fp/hard/crtend.o
LOAD E:/STM32_eco_system/cube_ide/STM32CubeIDE_1.13.2/STM32CubeIDE/plugins/com.st.stm32cube.ide.mcu.externaltools.gnu-tools-for-stm32.11.3.rel1.win32_1.1.1.202309131626/tools/bin/../lib/gcc/arm-none-eabi/11.3.1/thumb/v7e-m+fp/hard/crtn.o
                0x0000000020010000                _estack = (ORIGIN (RAM) + LENGTH (RAM))
                0x0000000000000200                _Min_Heap_Size = 0x200
                0x0000000000000400                _Min_Stack_Size = 0x400

.isr_vector     0x0000000008000000      0x194
                0x0000000008000000                . = ALIGN (0x4)
 *(.isr_vector)
 .isr_vector    0x0000000008000000      0x194 ./Core/Startup/startup_stm32f303retx.o
                0x0000000008000000                g_pfnVectors
                0x0000000008000194                . = ALIGN (0x4)

.text           0x0000000008000194     0x4660
                0x0000000008000194                . = ALIGN (0x4)
 *(.text)
 .text          0x0000000008000194       0x40 E:/STM32_eco_system/cube_ide/STM32CubeIDE_1.13.2/STM32CubeIDE/plugins/com.st.stm32cube.ide.mcu.externaltools.gnu-tools-for-stm32.11.3.rel1.win32_1.1.1.202309131626/tools/bin/../lib/gcc/arm-none-eabi/11.3.1/thumb/v7e-m+fp/hard/crtbegin.o
 .text          0x00000000080001d4       0x10 E:/STM32_eco_system/cube_ide/STM32CubeIDE_1.13.2/STM32CubeIDE/plugins/com.st.stm32cube.ide.mcu.externaltools.gnu-tools-for-stm32.11.3.rel1.win32_1.1.1.202309131626/tools/bin/../lib/gcc/arm-none-eabi/11.3.1/../../../../arm-none-eabi/lib/thumb/v7e-m+fp/hard\libc_nano.a(libc_a-strlen.o)
                0x00000000080001d4                strlen
 *(.text*)
 .text.delay    0x00000000080001e4       0x34 ./Core/Src/LCD1602.o
                0x00000000080001e4                delay
 .text.send_to_lcd
                0x0000000008000218       0xac ./Core/Src/LCD1602.o
                0x0000000008000218                send_to_lcd
 .text.lcd_send_cmd
                0x00000000080002c4       0x34 ./Core/Src/LCD1602.o
                0x00000000080002c4                lcd_send_cmd
 .text.lcd_send_data
                0x00000000080002f8       0x34 ./Core/Src/LCD1602.o
                0x00000000080002f8                lcd_send_data
 .text.lcd_put_cur
                0x000000000800032c       0x3e ./Core/Src/LCD1602.o
                0x000000000800032c                lcd_put_cur
 .text.lcd_init
                0x000000000800036a       0x7a ./Core/Src/LCD1602.o
                0x000000000800036a                lcd_init
 .text.lcd_send_string
                0x00000000080003e4       0x2a ./Core/Src/LCD1602.o
                0x00000000080003e4                lcd_send_string
 *fill*         0x000000000800040e        0x2 
 .text.main     0x0000000008000410       0x5c ./Core/Src/main.o
                0x0000000008000410                main
 .text.SystemClock_Config
                0x000000000800046c       0xcc ./Core/Src/main.o
                0x000000000800046c                SystemClock_Config
 .text.MX_TIM1_Init
                0x0000000008000538       0xa8 ./Core/Src/main.o
 .text.MX_TIM2_Init
                0x00000000080005e0       0x9c ./Core/Src/main.o
 .text.MX_USART1_UART_Init
                0x000000000800067c       0x60 ./Core/Src/main.o
 .text.MX_USART2_UART_Init
                0x00000000080006dc       0x60 ./Core/Src/main.o
 .text.MX_GPIO_Init
                0x000000000800073c       0xd0 ./Core/Src/main.o
 .text.Error_Handler
                0x000000000800080c        0xa ./Core/Src/main.o
                0x000000000800080c                Error_Handler
 *fill*         0x0000000008000816        0x2 
 .text.display_msg_on_lcd
                0x0000000008000818      0x108 ./Core/Src/msg_handler.o
                0x0000000008000818                display_msg_on_lcd
 .text.HAL_MspInit
                0x0000000008000920       0x48 ./Core/Src/stm32f3xx_hal_msp.o
                0x0000000008000920                HAL_MspInit
 .text.HAL_TIM_Base_MspInit
                0x0000000008000968       0x70 ./Core/Src/stm32f3xx_hal_msp.o
                0x0000000008000968                HAL_TIM_Base_MspInit
 .text.HAL_UART_MspInit
                0x00000000080009d8      0x108 ./Core/Src/stm32f3xx_hal_msp.o
                0x00000000080009d8                HAL_UART_MspInit
 .text.NMI_Handler
                0x0000000008000ae0        0x6 ./Core/Src/stm32f3xx_it.o
                0x0000000008000ae0                NMI_Handler
 .text.HardFault_Handler
                0x0000000008000ae6        0x6 ./Core/Src/stm32f3xx_it.o
                0x0000000008000ae6                HardFault_Handler
 .text.MemManage_Handler
                0x0000000008000aec        0x6 ./Core/Src/stm32f3xx_it.o
                0x0000000008000aec                MemManage_Handler
 .text.BusFault_Handler
                0x0000000008000af2        0x6 ./Core/Src/stm32f3xx_it.o
                0x0000000008000af2                BusFault_Handler
 .text.UsageFault_Handler
                0x0000000008000af8        0x6 ./Core/Src/stm32f3xx_it.o
                0x0000000008000af8                UsageFault_Handler
 .text.SVC_Handler
                0x0000000008000afe        0xe ./Core/Src/stm32f3xx_it.o
                0x0000000008000afe                SVC_Handler
 .text.DebugMon_Handler
                0x0000000008000b0c        0xe ./Core/Src/stm32f3xx_it.o
                0x0000000008000b0c                DebugMon_Handler
 .text.PendSV_Handler
                0x0000000008000b1a        0xe ./Core/Src/stm32f3xx_it.o
                0x0000000008000b1a                PendSV_Handler
 .text.SysTick_Handler
                0x0000000008000b28        0xc ./Core/Src/stm32f3xx_it.o
                0x0000000008000b28                SysTick_Handler
 .text.TIM2_IRQHandler
                0x0000000008000b34       0x14 ./Core/Src/stm32f3xx_it.o
                0x0000000008000b34                TIM2_IRQHandler
 .text.USART1_IRQHandler
                0x0000000008000b48       0x48 ./Core/Src/stm32f3xx_it.o
                0x0000000008000b48                USART1_IRQHandler
 .text.USART2_IRQHandler
                0x0000000008000b90       0x14 ./Core/Src/stm32f3xx_it.o
                0x0000000008000b90                USART2_IRQHandler
 .text.SystemInit
                0x0000000008000ba4       0x24 ./Core/Src/system_stm32f3xx.o
                0x0000000008000ba4                SystemInit
 .text.Reset_Handler
                0x0000000008000bc8       0x50 ./Core/Startup/startup_stm32f303retx.o
                0x0000000008000bc8                Reset_Handler
 .text.Default_Handler
                0x0000000008000c18        0x2 ./Core/Startup/startup_stm32f303retx.o
                0x0000000008000c18                RTC_Alarm_IRQHandler
                0x0000000008000c18                TIM8_TRG_COM_IRQHandler
                0x0000000008000c18                TIM8_CC_IRQHandler
                0x0000000008000c18                SPI4_IRQHandler
                0x0000000008000c18                TIM1_CC_IRQHandler
                0x0000000008000c18                USB_HP_IRQHandler
                0x0000000008000c18                PVD_IRQHandler
                0x0000000008000c18                TAMP_STAMP_IRQHandler
                0x0000000008000c18                EXTI3_IRQHandler
                0x0000000008000c18                I2C3_ER_IRQHandler
                0x0000000008000c18                USB_HP_CAN_TX_IRQHandler
                0x0000000008000c18                EXTI0_IRQHandler
                0x0000000008000c18                I2C2_EV_IRQHandler
                0x0000000008000c18                FPU_IRQHandler
                0x0000000008000c18                TIM1_UP_TIM16_IRQHandler
                0x0000000008000c18                ADC1_2_IRQHandler
                0x0000000008000c18                SPI1_IRQHandler
                0x0000000008000c18                CAN_SCE_IRQHandler
                0x0000000008000c18                TIM6_DAC_IRQHandler
                0x0000000008000c18                TIM8_UP_IRQHandler
                0x0000000008000c18                DMA2_Channel2_IRQHandler
                0x0000000008000c18                DMA1_Channel4_IRQHandler
                0x0000000008000c18                TIM20_TRG_COM_IRQHandler
                0x0000000008000c18                USART3_IRQHandler
                0x0000000008000c18                DMA1_Channel7_IRQHandler
                0x0000000008000c18                UART5_IRQHandler
                0x0000000008000c18                ADC3_IRQHandler
                0x0000000008000c18                TIM4_IRQHandler
                0x0000000008000c18                CAN_RX1_IRQHandler
                0x0000000008000c18                DMA2_Channel1_IRQHandler
                0x0000000008000c18                I2C1_EV_IRQHandler
                0x0000000008000c18                DMA1_Channel6_IRQHandler
                0x0000000008000c18                UART4_IRQHandler
                0x0000000008000c18                DMA2_Channel4_IRQHandler
                0x0000000008000c18                TIM3_IRQHandler
                0x0000000008000c18                RCC_IRQHandler
                0x0000000008000c18                TIM20_UP_IRQHandler
                0x0000000008000c18                DMA1_Channel1_IRQHandler
                0x0000000008000c18                Default_Handler
                0x0000000008000c18                USBWakeUp_RMP_IRQHandler
                0x0000000008000c18                EXTI15_10_IRQHandler
                0x0000000008000c18                TIM7_IRQHandler
                0x0000000008000c18                I2C3_EV_IRQHandler
                0x0000000008000c18                EXTI9_5_IRQHandler
                0x0000000008000c18                RTC_WKUP_IRQHandler
                0x0000000008000c18                SPI2_IRQHandler
                0x0000000008000c18                USB_LP_CAN_RX0_IRQHandler
                0x0000000008000c18                DMA2_Channel5_IRQHandler
                0x0000000008000c18                DMA1_Channel5_IRQHandler
                0x0000000008000c18                USB_LP_IRQHandler
                0x0000000008000c18                EXTI4_IRQHandler
                0x0000000008000c18                TIM1_TRG_COM_TIM17_IRQHandler
                0x0000000008000c18                DMA1_Channel3_IRQHandler
                0x0000000008000c18                ADC4_IRQHandler
                0x0000000008000c18                WWDG_IRQHandler
                0x0000000008000c18                COMP7_IRQHandler
                0x0000000008000c18                COMP1_2_3_IRQHandler
                0x0000000008000c18                EXTI1_IRQHandler
                0x0000000008000c18                COMP4_5_6_IRQHandler
                0x0000000008000c18                TIM20_BRK_IRQHandler
                0x0000000008000c18                I2C2_ER_IRQHandler
                0x0000000008000c18                DMA1_Channel2_IRQHandler
                0x0000000008000c18                TIM8_BRK_IRQHandler
                0x0000000008000c18                FLASH_IRQHandler
                0x0000000008000c18                TIM20_CC_IRQHandler
                0x0000000008000c18                SPI3_IRQHandler
                0x0000000008000c18                I2C1_ER_IRQHandler
                0x0000000008000c18                FMC_IRQHandler
                0x0000000008000c18                USBWakeUp_IRQHandler
                0x0000000008000c18                DMA2_Channel3_IRQHandler
                0x0000000008000c18                EXTI2_TSC_IRQHandler
                0x0000000008000c18                TIM1_BRK_TIM15_IRQHandler
 *fill*         0x0000000008000c1a        0x2 
 .text.HAL_Init
                0x0000000008000c1c       0x2c ./Drivers/STM32F3xx_HAL_Driver/Src/stm32f3xx_hal.o
                0x0000000008000c1c                HAL_Init
 .text.HAL_InitTick
                0x0000000008000c48       0x60 ./Drivers/STM32F3xx_HAL_Driver/Src/stm32f3xx_hal.o
                0x0000000008000c48                HAL_InitTick
 .text.HAL_IncTick
                0x0000000008000ca8       0x28 ./Drivers/STM32F3xx_HAL_Driver/Src/stm32f3xx_hal.o
                0x0000000008000ca8                HAL_IncTick
 .text.HAL_GetTick
                0x0000000008000cd0       0x18 ./Drivers/STM32F3xx_HAL_Driver/Src/stm32f3xx_hal.o
                0x0000000008000cd0                HAL_GetTick
 .text.HAL_Delay
                0x0000000008000ce8       0x48 ./Drivers/STM32F3xx_HAL_Driver/Src/stm32f3xx_hal.o
                0x0000000008000ce8                HAL_Delay
 .text.__NVIC_SetPriorityGrouping
                0x0000000008000d30       0x48 ./Drivers/STM32F3xx_HAL_Driver/Src/stm32f3xx_hal_cortex.o
 .text.__NVIC_GetPriorityGrouping
                0x0000000008000d78       0x1c ./Drivers/STM32F3xx_HAL_Driver/Src/stm32f3xx_hal_cortex.o
 .text.__NVIC_EnableIRQ
                0x0000000008000d94       0x3c ./Drivers/STM32F3xx_HAL_Driver/Src/stm32f3xx_hal_cortex.o
 .text.__NVIC_SetPriority
                0x0000000008000dd0       0x54 ./Drivers/STM32F3xx_HAL_Driver/Src/stm32f3xx_hal_cortex.o
 .text.NVIC_EncodePriority
                0x0000000008000e24       0x66 ./Drivers/STM32F3xx_HAL_Driver/Src/stm32f3xx_hal_cortex.o
 *fill*         0x0000000008000e8a        0x2 
 .text.SysTick_Config
                0x0000000008000e8c       0x44 ./Drivers/STM32F3xx_HAL_Driver/Src/stm32f3xx_hal_cortex.o
 .text.HAL_NVIC_SetPriorityGrouping
                0x0000000008000ed0       0x16 ./Drivers/STM32F3xx_HAL_Driver/Src/stm32f3xx_hal_cortex.o
                0x0000000008000ed0                HAL_NVIC_SetPriorityGrouping
 .text.HAL_NVIC_SetPriority
                0x0000000008000ee6       0x38 ./Drivers/STM32F3xx_HAL_Driver/Src/stm32f3xx_hal_cortex.o
                0x0000000008000ee6                HAL_NVIC_SetPriority
 .text.HAL_NVIC_EnableIRQ
                0x0000000008000f1e       0x1c ./Drivers/STM32F3xx_HAL_Driver/Src/stm32f3xx_hal_cortex.o
                0x0000000008000f1e                HAL_NVIC_EnableIRQ
 .text.HAL_SYSTICK_Config
                0x0000000008000f3a       0x18 ./Drivers/STM32F3xx_HAL_Driver/Src/stm32f3xx_hal_cortex.o
                0x0000000008000f3a                HAL_SYSTICK_Config
 .text.HAL_DMA_Abort
                0x0000000008000f52       0x72 ./Drivers/STM32F3xx_HAL_Driver/Src/stm32f3xx_hal_dma.o
                0x0000000008000f52                HAL_DMA_Abort
 .text.HAL_DMA_Abort_IT
                0x0000000008000fc4       0x7c ./Drivers/STM32F3xx_HAL_Driver/Src/stm32f3xx_hal_dma.o
                0x0000000008000fc4                HAL_DMA_Abort_IT
 .text.HAL_GPIO_Init
                0x0000000008001040      0x314 ./Drivers/STM32F3xx_HAL_Driver/Src/stm32f3xx_hal_gpio.o
                0x0000000008001040                HAL_GPIO_Init
 .text.HAL_GPIO_WritePin
                0x0000000008001354       0x30 ./Drivers/STM32F3xx_HAL_Driver/Src/stm32f3xx_hal_gpio.o
                0x0000000008001354                HAL_GPIO_WritePin
 .text.HAL_GPIO_TogglePin
                0x0000000008001384       0x34 ./Drivers/STM32F3xx_HAL_Driver/Src/stm32f3xx_hal_gpio.o
                0x0000000008001384                HAL_GPIO_TogglePin
 .text.HAL_RCC_OscConfig
                0x00000000080013b8     0x10a8 ./Drivers/STM32F3xx_HAL_Driver/Src/stm32f3xx_hal_rcc.o
                0x00000000080013b8                HAL_RCC_OscConfig
 .text.HAL_RCC_ClockConfig
                0x0000000008002460      0x2f8 ./Drivers/STM32F3xx_HAL_Driver/Src/stm32f3xx_hal_rcc.o
                0x0000000008002460                HAL_RCC_ClockConfig
 .text.HAL_RCC_GetSysClockFreq
                0x0000000008002758       0xd4 ./Drivers/STM32F3xx_HAL_Driver/Src/stm32f3xx_hal_rcc.o
                0x0000000008002758                HAL_RCC_GetSysClockFreq
 .text.HAL_RCC_GetHCLKFreq
                0x000000000800282c       0x18 ./Drivers/STM32F3xx_HAL_Driver/Src/stm32f3xx_hal_rcc.o
                0x000000000800282c                HAL_RCC_GetHCLKFreq
 .text.HAL_RCC_GetPCLK1Freq
                0x0000000008002844       0x44 ./Drivers/STM32F3xx_HAL_Driver/Src/stm32f3xx_hal_rcc.o
                0x0000000008002844                HAL_RCC_GetPCLK1Freq
 .text.HAL_RCC_GetPCLK2Freq
                0x0000000008002888       0x44 ./Drivers/STM32F3xx_HAL_Driver/Src/stm32f3xx_hal_rcc.o
                0x0000000008002888                HAL_RCC_GetPCLK2Freq
 .text.HAL_RCCEx_PeriphCLKConfig
                0x00000000080028cc      0x43c ./Drivers/STM32F3xx_HAL_Driver/Src/stm32f3xx_hal_rcc_ex.o
                0x00000000080028cc                HAL_RCCEx_PeriphCLKConfig
 .text.HAL_TIM_Base_Init
                0x0000000008002d08       0xae ./Drivers/STM32F3xx_HAL_Driver/Src/stm32f3xx_hal_tim.o
                0x0000000008002d08                HAL_TIM_Base_Init
 *fill*         0x0000000008002db6        0x2 
 .text.HAL_TIM_Base_Start_IT
                0x0000000008002db8       0xe0 ./Drivers/STM32F3xx_HAL_Driver/Src/stm32f3xx_hal_tim.o
                0x0000000008002db8                HAL_TIM_Base_Start_IT
 .text.HAL_TIM_IRQHandler
                0x0000000008002e98      0x23e ./Drivers/STM32F3xx_HAL_Driver/Src/stm32f3xx_hal_tim.o
                0x0000000008002e98                HAL_TIM_IRQHandler
 .text.HAL_TIM_ConfigClockSource
                0x00000000080030d6      0x192 ./Drivers/STM32F3xx_HAL_Driver/Src/stm32f3xx_hal_tim.o
                0x00000000080030d6                HAL_TIM_ConfigClockSource
 .text.HAL_TIM_PeriodElapsedCallback
                0x0000000008003268       0x14 ./Drivers/STM32F3xx_HAL_Driver/Src/stm32f3xx_hal_tim.o
                0x0000000008003268                HAL_TIM_PeriodElapsedCallback
 .text.HAL_TIM_OC_DelayElapsedCallback
                0x000000000800327c       0x14 ./Drivers/STM32F3xx_HAL_Driver/Src/stm32f3xx_hal_tim.o
                0x000000000800327c                HAL_TIM_OC_DelayElapsedCallback
 .text.HAL_TIM_IC_CaptureCallback
                0x0000000008003290       0x14 ./Drivers/STM32F3xx_HAL_Driver/Src/stm32f3xx_hal_tim.o
                0x0000000008003290                HAL_TIM_IC_CaptureCallback
 .text.HAL_TIM_PWM_PulseFinishedCallback
                0x00000000080032a4       0x14 ./Drivers/STM32F3xx_HAL_Driver/Src/stm32f3xx_hal_tim.o
                0x00000000080032a4                HAL_TIM_PWM_PulseFinishedCallback
 .text.HAL_TIM_TriggerCallback
                0x00000000080032b8       0x14 ./Drivers/STM32F3xx_HAL_Driver/Src/stm32f3xx_hal_tim.o
                0x00000000080032b8                HAL_TIM_TriggerCallback
 .text.TIM_Base_SetConfig
                0x00000000080032cc      0x13c ./Drivers/STM32F3xx_HAL_Driver/Src/stm32f3xx_hal_tim.o
                0x00000000080032cc                TIM_Base_SetConfig
 .text.TIM_TI1_ConfigInputStage
                0x0000000008003408       0x5e ./Drivers/STM32F3xx_HAL_Driver/Src/stm32f3xx_hal_tim.o
 .text.TIM_TI2_ConfigInputStage
                0x0000000008003466       0x60 ./Drivers/STM32F3xx_HAL_Driver/Src/stm32f3xx_hal_tim.o
 .text.TIM_ITRx_SetConfig
                0x00000000080034c6       0x36 ./Drivers/STM32F3xx_HAL_Driver/Src/stm32f3xx_hal_tim.o
 .text.TIM_ETR_SetConfig
                0x00000000080034fc       0x40 ./Drivers/STM32F3xx_HAL_Driver/Src/stm32f3xx_hal_tim.o
                0x00000000080034fc                TIM_ETR_SetConfig
 .text.HAL_TIMEx_MasterConfigSynchronization
                0x000000000800353c      0x118 ./Drivers/STM32F3xx_HAL_Driver/Src/stm32f3xx_hal_tim_ex.o
                0x000000000800353c                HAL_TIMEx_MasterConfigSynchronization
 .text.HAL_TIMEx_CommutCallback
                0x0000000008003654       0x14 ./Drivers/STM32F3xx_HAL_Driver/Src/stm32f3xx_hal_tim_ex.o
                0x0000000008003654                HAL_TIMEx_CommutCallback
 .text.HAL_TIMEx_BreakCallback
                0x0000000008003668       0x14 ./Drivers/STM32F3xx_HAL_Driver/Src/stm32f3xx_hal_tim_ex.o
                0x0000000008003668                HAL_TIMEx_BreakCallback
 .text.HAL_TIMEx_Break2Callback
                0x000000000800367c       0x14 ./Drivers/STM32F3xx_HAL_Driver/Src/stm32f3xx_hal_tim_ex.o
                0x000000000800367c                HAL_TIMEx_Break2Callback
 .text.HAL_UART_Init
                0x0000000008003690       0x9c ./Drivers/STM32F3xx_HAL_Driver/Src/stm32f3xx_hal_uart.o
                0x0000000008003690                HAL_UART_Init
 .text.HAL_UART_Receive
                0x000000000800372c      0x192 ./Drivers/STM32F3xx_HAL_Driver/Src/stm32f3xx_hal_uart.o
                0x000000000800372c                HAL_UART_Receive
 *fill*         0x00000000080038be        0x2 
 .text.HAL_UART_IRQHandler
                0x00000000080038c0      0x5cc ./Drivers/STM32F3xx_HAL_Driver/Src/stm32f3xx_hal_uart.o
                0x00000000080038c0                HAL_UART_IRQHandler
 .text.HAL_UART_TxCpltCallback
                0x0000000008003e8c       0x14 ./Drivers/STM32F3xx_HAL_Driver/Src/stm32f3xx_hal_uart.o
                0x0000000008003e8c                HAL_UART_TxCpltCallback
 .text.HAL_UART_ErrorCallback
                0x0000000008003ea0       0x14 ./Drivers/STM32F3xx_HAL_Driver/Src/stm32f3xx_hal_uart.o
                0x0000000008003ea0                HAL_UART_ErrorCallback
 .text.HAL_UARTEx_RxEventCallback
                0x0000000008003eb4       0x18 ./Drivers/STM32F3xx_HAL_Driver/Src/stm32f3xx_hal_uart.o
                0x0000000008003eb4                HAL_UARTEx_RxEventCallback
 .text.UART_SetConfig
                0x0000000008003ecc      0x3a8 ./Drivers/STM32F3xx_HAL_Driver/Src/stm32f3xx_hal_uart.o
                0x0000000008003ecc                UART_SetConfig
 .text.UART_AdvFeatureConfig
                0x0000000008004274      0x144 ./Drivers/STM32F3xx_HAL_Driver/Src/stm32f3xx_hal_uart.o
                0x0000000008004274                UART_AdvFeatureConfig
 .text.UART_CheckIdleState
                0x00000000080043b8      0x150 ./Drivers/STM32F3xx_HAL_Driver/Src/stm32f3xx_hal_uart.o
                0x00000000080043b8                UART_CheckIdleState
 .text.UART_WaitOnFlagUntilTimeout
                0x0000000008004508       0xce ./Drivers/STM32F3xx_HAL_Driver/Src/stm32f3xx_hal_uart.o
                0x0000000008004508                UART_WaitOnFlagUntilTimeout
 .text.UART_EndRxTransfer
                0x00000000080045d6       0xc8 ./Drivers/STM32F3xx_HAL_Driver/Src/stm32f3xx_hal_uart.o
 .text.UART_DMAAbortOnError
                0x000000000800469e       0x2c ./Drivers/STM32F3xx_HAL_Driver/Src/stm32f3xx_hal_uart.o
 .text.UART_EndTransmit_IT
                0x00000000080046ca       0x54 ./Drivers/STM32F3xx_HAL_Driver/Src/stm32f3xx_hal_uart.o
 .text.HAL_UARTEx_WakeupCallback
                0x000000000800471e       0x14 ./Drivers/STM32F3xx_HAL_Driver/Src/stm32f3xx_hal_uart_ex.o
                0x000000000800471e                HAL_UARTEx_WakeupCallback
 .text.memset   0x0000000008004732       0x10 E:/STM32_eco_system/cube_ide/STM32CubeIDE_1.13.2/STM32CubeIDE/plugins/com.st.stm32cube.ide.mcu.externaltools.gnu-tools-for-stm32.11.3.rel1.win32_1.1.1.202309131626/tools/bin/../lib/gcc/arm-none-eabi/11.3.1/../../../../arm-none-eabi/lib/thumb/v7e-m+fp/hard\libc_nano.a(libc_a-memset.o)
                0x0000000008004732                memset
 .text.strchr   0x0000000008004742       0x1a E:/STM32_eco_system/cube_ide/STM32CubeIDE_1.13.2/STM32CubeIDE/plugins/com.st.stm32cube.ide.mcu.externaltools.gnu-tools-for-stm32.11.3.rel1.win32_1.1.1.202309131626/tools/bin/../lib/gcc/arm-none-eabi/11.3.1/../../../../arm-none-eabi/lib/thumb/v7e-m+fp/hard\libc_nano.a(libc_a-strchr.o)
                0x0000000008004742                strchr
 .text.strncpy  0x000000000800475c       0x26 E:/STM32_eco_system/cube_ide/STM32CubeIDE_1.13.2/STM32CubeIDE/plugins/com.st.stm32cube.ide.mcu.externaltools.gnu-tools-for-stm32.11.3.rel1.win32_1.1.1.202309131626/tools/bin/../lib/gcc/arm-none-eabi/11.3.1/../../../../arm-none-eabi/lib/thumb/v7e-m+fp/hard\libc_nano.a(libc_a-strncpy.o)
                0x000000000800475c                strncpy
 *fill*         0x0000000008004782        0x2 
 .text.__libc_init_array
                0x0000000008004784       0x48 E:/STM32_eco_system/cube_ide/STM32CubeIDE_1.13.2/STM32CubeIDE/plugins/com.st.stm32cube.ide.mcu.externaltools.gnu-tools-for-stm32.11.3.rel1.win32_1.1.1.202309131626/tools/bin/../lib/gcc/arm-none-eabi/11.3.1/../../../../arm-none-eabi/lib/thumb/v7e-m+fp/hard\libc_nano.a(libc_a-init.o)
                0x0000000008004784                __libc_init_array
 .text.strcpy   0x00000000080047cc       0x10 E:/STM32_eco_system/cube_ide/STM32CubeIDE_1.13.2/STM32CubeIDE/plugins/com.st.stm32cube.ide.mcu.externaltools.gnu-tools-for-stm32.11.3.rel1.win32_1.1.1.202309131626/tools/bin/../lib/gcc/arm-none-eabi/11.3.1/../../../../arm-none-eabi/lib/thumb/v7e-m+fp/hard\libc_nano.a(libc_a-strcpy.o)
                0x00000000080047cc                strcpy
 *(.glue_7)
 .glue_7        0x00000000080047dc        0x0 linker stubs
 *(.glue_7t)
 .glue_7t       0x00000000080047dc        0x0 linker stubs
 *(.eh_frame)
 .eh_frame      0x00000000080047dc        0x0 E:/STM32_eco_system/cube_ide/STM32CubeIDE_1.13.2/STM32CubeIDE/plugins/com.st.stm32cube.ide.mcu.externaltools.gnu-tools-for-stm32.11.3.rel1.win32_1.1.1.202309131626/tools/bin/../lib/gcc/arm-none-eabi/11.3.1/thumb/v7e-m+fp/hard/crtbegin.o
 *(.init)
 .init          0x00000000080047dc        0x4 E:/STM32_eco_system/cube_ide/STM32CubeIDE_1.13.2/STM32CubeIDE/plugins/com.st.stm32cube.ide.mcu.externaltools.gnu-tools-for-stm32.11.3.rel1.win32_1.1.1.202309131626/tools/bin/../lib/gcc/arm-none-eabi/11.3.1/thumb/v7e-m+fp/hard/crti.o
                0x00000000080047dc                _init
 .init          0x00000000080047e0        0x8 E:/STM32_eco_system/cube_ide/STM32CubeIDE_1.13.2/STM32CubeIDE/plugins/com.st.stm32cube.ide.mcu.externaltools.gnu-tools-for-stm32.11.3.rel1.win32_1.1.1.202309131626/tools/bin/../lib/gcc/arm-none-eabi/11.3.1/thumb/v7e-m+fp/hard/crtn.o
 *(.fini)
 .fini          0x00000000080047e8        0x4 E:/STM32_eco_system/cube_ide/STM32CubeIDE_1.13.2/STM32CubeIDE/plugins/com.st.stm32cube.ide.mcu.externaltools.gnu-tools-for-stm32.11.3.rel1.win32_1.1.1.202309131626/tools/bin/../lib/gcc/arm-none-eabi/11.3.1/thumb/v7e-m+fp/hard/crti.o
                0x00000000080047e8                _fini
 .fini          0x00000000080047ec        0x8 E:/STM32_eco_system/cube_ide/STM32CubeIDE_1.13.2/STM32CubeIDE/plugins/com.st.stm32cube.ide.mcu.externaltools.gnu-tools-for-stm32.11.3.rel1.win32_1.1.1.202309131626/tools/bin/../lib/gcc/arm-none-eabi/11.3.1/thumb/v7e-m+fp/hard/crtn.o
                0x00000000080047f4                . = ALIGN (0x4)
                0x00000000080047f4                _etext = .

.vfp11_veneer   0x00000000080047f4        0x0
 .vfp11_veneer  0x00000000080047f4        0x0 linker stubs

.v4_bx          0x00000000080047f4        0x0
 .v4_bx         0x00000000080047f4        0x0 linker stubs

.iplt           0x00000000080047f4        0x0
 .iplt          0x00000000080047f4        0x0 E:/STM32_eco_system/cube_ide/STM32CubeIDE_1.13.2/STM32CubeIDE/plugins/com.st.stm32cube.ide.mcu.externaltools.gnu-tools-for-stm32.11.3.rel1.win32_1.1.1.202309131626/tools/bin/../lib/gcc/arm-none-eabi/11.3.1/thumb/v7e-m+fp/hard/crtbegin.o

.rodata         0x00000000080047f4       0x3c
                0x00000000080047f4                . = ALIGN (0x4)
 *(.rodata)
 .rodata        0x00000000080047f4        0x2 ./Core/Src/msg_handler.o
 *(.rodata*)
 *fill*         0x00000000080047f6        0x2 
 .rodata.AHBPrescTable
                0x00000000080047f8       0x10 ./Core/Src/system_stm32f3xx.o
                0x00000000080047f8                AHBPrescTable
 .rodata.APBPrescTable
                0x0000000008004808        0x8 ./Core/Src/system_stm32f3xx.o
                0x0000000008004808                APBPrescTable
 .rodata.aPLLMULFactorTable
                0x0000000008004810       0x10 ./Drivers/STM32F3xx_HAL_Driver/Src/stm32f3xx_hal_rcc.o
 .rodata.aPredivFactorTable
                0x0000000008004820       0x10 ./Drivers/STM32F3xx_HAL_Driver/Src/stm32f3xx_hal_rcc.o
                0x0000000008004830                . = ALIGN (0x4)

.rel.dyn        0x0000000008004830        0x0
 .rel.iplt      0x0000000008004830        0x0 E:/STM32_eco_system/cube_ide/STM32CubeIDE_1.13.2/STM32CubeIDE/plugins/com.st.stm32cube.ide.mcu.externaltools.gnu-tools-for-stm32.11.3.rel1.win32_1.1.1.202309131626/tools/bin/../lib/gcc/arm-none-eabi/11.3.1/thumb/v7e-m+fp/hard/crtbegin.o

.ARM.extab      0x0000000008004830        0x0
                0x0000000008004830                . = ALIGN (0x4)
 *(.ARM.extab* .gnu.linkonce.armextab.*)
                0x0000000008004830                . = ALIGN (0x4)

.ARM            0x0000000008004830        0x0
                0x0000000008004830                . = ALIGN (0x4)
                0x0000000008004830                __exidx_start = .
 *(.ARM.exidx*)
                0x0000000008004830                __exidx_end = .
                0x0000000008004830                . = ALIGN (0x4)

.preinit_array  0x0000000008004830        0x0
                0x0000000008004830                . = ALIGN (0x4)
                0x0000000008004830                PROVIDE (__preinit_array_start = .)
 *(.preinit_array*)
                0x0000000008004830                PROVIDE (__preinit_array_end = .)
                0x0000000008004830                . = ALIGN (0x4)

.init_array     0x0000000008004830        0x4
                0x0000000008004830                . = ALIGN (0x4)
                0x0000000008004830                PROVIDE (__init_array_start = .)
 *(SORT_BY_NAME(.init_array.*))
 *(.init_array*)
 .init_array    0x0000000008004830        0x4 E:/STM32_eco_system/cube_ide/STM32CubeIDE_1.13.2/STM32CubeIDE/plugins/com.st.stm32cube.ide.mcu.externaltools.gnu-tools-for-stm32.11.3.rel1.win32_1.1.1.202309131626/tools/bin/../lib/gcc/arm-none-eabi/11.3.1/thumb/v7e-m+fp/hard/crtbegin.o
                0x0000000008004834                PROVIDE (__init_array_end = .)
                0x0000000008004834                . = ALIGN (0x4)

.fini_array     0x0000000008004834        0x4
                0x0000000008004834                . = ALIGN (0x4)
                [!provide]                        PROVIDE (__fini_array_start = .)
 *(SORT_BY_NAME(.fini_array.*))
 *(.fini_array*)
 .fini_array    0x0000000008004834        0x4 E:/STM32_eco_system/cube_ide/STM32CubeIDE_1.13.2/STM32CubeIDE/plugins/com.st.stm32cube.ide.mcu.externaltools.gnu-tools-for-stm32.11.3.rel1.win32_1.1.1.202309131626/tools/bin/../lib/gcc/arm-none-eabi/11.3.1/thumb/v7e-m+fp/hard/crtbegin.o
                [!provide]                        PROVIDE (__fini_array_end = .)
                0x0000000008004838                . = ALIGN (0x4)
                0x0000000008004838                _sidata = LOADADDR (.data)

.data           0x0000000020000000        0xc load address 0x0000000008004838
                0x0000000020000000                . = ALIGN (0x4)
                0x0000000020000000                _sdata = .
 *(.data)
 *(.data*)
 .data.SystemCoreClock
                0x0000000020000000        0x4 ./Core/Src/system_stm32f3xx.o
                0x0000000020000000                SystemCoreClock
 .data.uwTickPrio
                0x0000000020000004        0x4 ./Drivers/STM32F3xx_HAL_Driver/Src/stm32f3xx_hal.o
                0x0000000020000004                uwTickPrio
 .data.uwTickFreq
                0x0000000020000008        0x1 ./Drivers/STM32F3xx_HAL_Driver/Src/stm32f3xx_hal.o
                0x0000000020000008                uwTickFreq
 *(.RamFunc)
 *(.RamFunc*)
                0x000000002000000c                . = ALIGN (0x4)
 *fill*         0x0000000020000009        0x3 
                0x000000002000000c                _edata = .
                0x0000000008004844                _siccmram = LOADADDR (.ccmram)

.igot.plt       0x000000002000000c        0x0 load address 0x0000000008004844
 .igot.plt      0x000000002000000c        0x0 E:/STM32_eco_system/cube_ide/STM32CubeIDE_1.13.2/STM32CubeIDE/plugins/com.st.stm32cube.ide.mcu.externaltools.gnu-tools-for-stm32.11.3.rel1.win32_1.1.1.202309131626/tools/bin/../lib/gcc/arm-none-eabi/11.3.1/thumb/v7e-m+fp/hard/crtbegin.o

.ccmram         0x0000000010000000        0x0 load address 0x0000000008004844
                0x0000000010000000                . = ALIGN (0x4)
                0x0000000010000000                _sccmram = .
 *(.ccmram)
 *(.ccmram*)
                0x0000000010000000                . = ALIGN (0x4)
                0x0000000010000000                _eccmram = .
                0x0000000010000000                . = ALIGN (0x4)

.bss            0x000000002000000c      0x21c
                0x000000002000000c                _sbss = .
                0x000000002000000c                __bss_start__ = _sbss
 *(.bss)
 .bss           0x000000002000000c       0x1c E:/STM32_eco_system/cube_ide/STM32CubeIDE_1.13.2/STM32CubeIDE/plugins/com.st.stm32cube.ide.mcu.externaltools.gnu-tools-for-stm32.11.3.rel1.win32_1.1.1.202309131626/tools/bin/../lib/gcc/arm-none-eabi/11.3.1/thumb/v7e-m+fp/hard/crtbegin.o
 *(.bss*)
 .bss.htim1     0x0000000020000028       0x4c ./Core/Src/main.o
                0x0000000020000028                htim1
 .bss.htim2     0x0000000020000074       0x4c ./Core/Src/main.o
                0x0000000020000074                htim2
 .bss.huart1    0x00000000200000c0       0x88 ./Core/Src/main.o
                0x00000000200000c0                huart1
 .bss.huart2    0x0000000020000148       0x88 ./Core/Src/main.o
                0x0000000020000148                huart2
 .bss.buffer    0x00000000200001d0       0x28 ./Core/Src/msg_handler.o
                0x00000000200001d0                buffer
 .bss.buffer_index
                0x00000000200001f8        0x2 ./Core/Src/msg_handler.o
                0x00000000200001f8                buffer_index
 *fill*         0x00000000200001fa        0x2 
 .bss.first_string
                0x00000000200001fc       0x11 ./Core/Src/msg_handler.o
                0x00000000200001fc                first_string
 *fill*         0x000000002000020d        0x3 
 .bss.second_string
                0x0000000020000210       0x11 ./Core/Src/msg_handler.o
                0x0000000020000210                second_string
 *fill*         0x0000000020000221        0x3 
 .bss.uwTick    0x0000000020000224        0x4 ./Drivers/STM32F3xx_HAL_Driver/Src/stm32f3xx_hal.o
                0x0000000020000224                uwTick
 *(COMMON)
                0x0000000020000228                . = ALIGN (0x4)
                0x0000000020000228                _ebss = .
                0x0000000020000228                __bss_end__ = _ebss

._user_heap_stack
                0x0000000020000228      0x600
                0x0000000020000228                . = ALIGN (0x8)
                [!provide]                        PROVIDE (end = .)
                0x0000000020000228                PROVIDE (_end = .)
                0x0000000020000428                . = (. + _Min_Heap_Size)
 *fill*         0x0000000020000228      0x200 
                0x0000000020000828                . = (. + _Min_Stack_Size)
 *fill*         0x0000000020000428      0x400 
                0x0000000020000828                . = ALIGN (0x8)

/DISCARD/
 libc.a(*)
 libm.a(*)
 libgcc.a(*)

.ARM.attributes
                0x0000000000000000       0x30
 *(.ARM.attributes)
 .ARM.attributes
                0x0000000000000000       0x1e E:/STM32_eco_system/cube_ide/STM32CubeIDE_1.13.2/STM32CubeIDE/plugins/com.st.stm32cube.ide.mcu.externaltools.gnu-tools-for-stm32.11.3.rel1.win32_1.1.1.202309131626/tools/bin/../lib/gcc/arm-none-eabi/11.3.1/thumb/v7e-m+fp/hard/crti.o
 .ARM.attributes
                0x000000000000001e       0x34 E:/STM32_eco_system/cube_ide/STM32CubeIDE_1.13.2/STM32CubeIDE/plugins/com.st.stm32cube.ide.mcu.externaltools.gnu-tools-for-stm32.11.3.rel1.win32_1.1.1.202309131626/tools/bin/../lib/gcc/arm-none-eabi/11.3.1/thumb/v7e-m+fp/hard/crtbegin.o
 .ARM.attributes
                0x0000000000000052       0x34 ./Core/Src/LCD1602.o
 .ARM.attributes
                0x0000000000000086       0x34 ./Core/Src/main.o
 .ARM.attributes
                0x00000000000000ba       0x34 ./Core/Src/msg_handler.o
 .ARM.attributes
                0x00000000000000ee       0x34 ./Core/Src/stm32f3xx_hal_msp.o
 .ARM.attributes
                0x0000000000000122       0x34 ./Core/Src/stm32f3xx_it.o
 .ARM.attributes
                0x0000000000000156       0x34 ./Core/Src/system_stm32f3xx.o
 .ARM.attributes
                0x000000000000018a       0x21 ./Core/Startup/startup_stm32f303retx.o
 .ARM.attributes
                0x00000000000001ab       0x34 ./Drivers/STM32F3xx_HAL_Driver/Src/stm32f3xx_hal.o
 .ARM.attributes
                0x00000000000001df       0x34 ./Drivers/STM32F3xx_HAL_Driver/Src/stm32f3xx_hal_cortex.o
 .ARM.attributes
                0x0000000000000213       0x34 ./Drivers/STM32F3xx_HAL_Driver/Src/stm32f3xx_hal_dma.o
 .ARM.attributes
                0x0000000000000247       0x34 ./Drivers/STM32F3xx_HAL_Driver/Src/stm32f3xx_hal_gpio.o
 .ARM.attributes
                0x000000000000027b       0x34 ./Drivers/STM32F3xx_HAL_Driver/Src/stm32f3xx_hal_rcc.o
 .ARM.attributes
                0x00000000000002af       0x34 ./Drivers/STM32F3xx_HAL_Driver/Src/stm32f3xx_hal_rcc_ex.o
 .ARM.attributes
                0x00000000000002e3       0x34 ./Drivers/STM32F3xx_HAL_Driver/Src/stm32f3xx_hal_tim.o
 .ARM.attributes
                0x0000000000000317       0x34 ./Drivers/STM32F3xx_HAL_Driver/Src/stm32f3xx_hal_tim_ex.o
 .ARM.attributes
                0x000000000000034b       0x34 ./Drivers/STM32F3xx_HAL_Driver/Src/stm32f3xx_hal_uart.o
 .ARM.attributes
                0x000000000000037f       0x34 ./Drivers/STM32F3xx_HAL_Driver/Src/stm32f3xx_hal_uart_ex.o
 .ARM.attributes
                0x00000000000003b3       0x34 E:/STM32_eco_system/cube_ide/STM32CubeIDE_1.13.2/STM32CubeIDE/plugins/com.st.stm32cube.ide.mcu.externaltools.gnu-tools-for-stm32.11.3.rel1.win32_1.1.1.202309131626/tools/bin/../lib/gcc/arm-none-eabi/11.3.1/../../../../arm-none-eabi/lib/thumb/v7e-m+fp/hard\libc_nano.a(libc_a-memset.o)
 .ARM.attributes
                0x00000000000003e7       0x34 E:/STM32_eco_system/cube_ide/STM32CubeIDE_1.13.2/STM32CubeIDE/plugins/com.st.stm32cube.ide.mcu.externaltools.gnu-tools-for-stm32.11.3.rel1.win32_1.1.1.202309131626/tools/bin/../lib/gcc/arm-none-eabi/11.3.1/../../../../arm-none-eabi/lib/thumb/v7e-m+fp/hard\libc_nano.a(libc_a-strchr.o)
 .ARM.attributes
                0x000000000000041b       0x34 E:/STM32_eco_system/cube_ide/STM32CubeIDE_1.13.2/STM32CubeIDE/plugins/com.st.stm32cube.ide.mcu.externaltools.gnu-tools-for-stm32.11.3.rel1.win32_1.1.1.202309131626/tools/bin/../lib/gcc/arm-none-eabi/11.3.1/../../../../arm-none-eabi/lib/thumb/v7e-m+fp/hard\libc_nano.a(libc_a-strncpy.o)
 .ARM.attributes
                0x000000000000044f       0x34 E:/STM32_eco_system/cube_ide/STM32CubeIDE_1.13.2/STM32CubeIDE/plugins/com.st.stm32cube.ide.mcu.externaltools.gnu-tools-for-stm32.11.3.rel1.win32_1.1.1.202309131626/tools/bin/../lib/gcc/arm-none-eabi/11.3.1/../../../../arm-none-eabi/lib/thumb/v7e-m+fp/hard\libc_nano.a(libc_a-init.o)
 .ARM.attributes
                0x0000000000000483       0x34 E:/STM32_eco_system/cube_ide/STM32CubeIDE_1.13.2/STM32CubeIDE/plugins/com.st.stm32cube.ide.mcu.externaltools.gnu-tools-for-stm32.11.3.rel1.win32_1.1.1.202309131626/tools/bin/../lib/gcc/arm-none-eabi/11.3.1/../../../../arm-none-eabi/lib/thumb/v7e-m+fp/hard\libc_nano.a(libc_a-strcpy.o)
 .ARM.attributes
                0x00000000000004b7       0x17 E:/STM32_eco_system/cube_ide/STM32CubeIDE_1.13.2/STM32CubeIDE/plugins/com.st.stm32cube.ide.mcu.externaltools.gnu-tools-for-stm32.11.3.rel1.win32_1.1.1.202309131626/tools/bin/../lib/gcc/arm-none-eabi/11.3.1/../../../../arm-none-eabi/lib/thumb/v7e-m+fp/hard\libc_nano.a(libc_a-strlen.o)
 .ARM.attributes
                0x00000000000004ce       0x1e E:/STM32_eco_system/cube_ide/STM32CubeIDE_1.13.2/STM32CubeIDE/plugins/com.st.stm32cube.ide.mcu.externaltools.gnu-tools-for-stm32.11.3.rel1.win32_1.1.1.202309131626/tools/bin/../lib/gcc/arm-none-eabi/11.3.1/thumb/v7e-m+fp/hard/crtn.o
OUTPUT(send_msg_BT_LCD.elf elf32-littlearm)
LOAD linker stubs
LOAD E:/STM32_eco_system/cube_ide/STM32CubeIDE_1.13.2/STM32CubeIDE/plugins/com.st.stm32cube.ide.mcu.externaltools.gnu-tools-for-stm32.11.3.rel1.win32_1.1.1.202309131626/tools/bin/../lib/gcc/arm-none-eabi/11.3.1/../../../../arm-none-eabi/lib/thumb/v7e-m+fp/hard\libc.a
LOAD E:/STM32_eco_system/cube_ide/STM32CubeIDE_1.13.2/STM32CubeIDE/plugins/com.st.stm32cube.ide.mcu.externaltools.gnu-tools-for-stm32.11.3.rel1.win32_1.1.1.202309131626/tools/bin/../lib/gcc/arm-none-eabi/11.3.1/../../../../arm-none-eabi/lib/thumb/v7e-m+fp/hard\libm.a
LOAD E:/STM32_eco_system/cube_ide/STM32CubeIDE_1.13.2/STM32CubeIDE/plugins/com.st.stm32cube.ide.mcu.externaltools.gnu-tools-for-stm32.11.3.rel1.win32_1.1.1.202309131626/tools/bin/../lib/gcc/arm-none-eabi/11.3.1/thumb/v7e-m+fp/hard\libgcc.a

.comment        0x0000000000000000       0x43
 .comment       0x0000000000000000       0x43 E:/STM32_eco_system/cube_ide/STM32CubeIDE_1.13.2/STM32CubeIDE/plugins/com.st.stm32cube.ide.mcu.externaltools.gnu-tools-for-stm32.11.3.rel1.win32_1.1.1.202309131626/tools/bin/../lib/gcc/arm-none-eabi/11.3.1/thumb/v7e-m+fp/hard/crtbegin.o
                                         0x44 (size before relaxing)
 .comment       0x0000000000000043       0x44 ./Core/Src/LCD1602.o
 .comment       0x0000000000000043       0x44 ./Core/Src/main.o
 .comment       0x0000000000000043       0x44 ./Core/Src/msg_handler.o
 .comment       0x0000000000000043       0x44 ./Core/Src/stm32f3xx_hal_msp.o
 .comment       0x0000000000000043       0x44 ./Core/Src/stm32f3xx_it.o
 .comment       0x0000000000000043       0x44 ./Core/Src/system_stm32f3xx.o
 .comment       0x0000000000000043       0x44 ./Drivers/STM32F3xx_HAL_Driver/Src/stm32f3xx_hal.o
 .comment       0x0000000000000043       0x44 ./Drivers/STM32F3xx_HAL_Driver/Src/stm32f3xx_hal_cortex.o
 .comment       0x0000000000000043       0x44 ./Drivers/STM32F3xx_HAL_Driver/Src/stm32f3xx_hal_dma.o
 .comment       0x0000000000000043       0x44 ./Drivers/STM32F3xx_HAL_Driver/Src/stm32f3xx_hal_gpio.o
 .comment       0x0000000000000043       0x44 ./Drivers/STM32F3xx_HAL_Driver/Src/stm32f3xx_hal_rcc.o
 .comment       0x0000000000000043       0x44 ./Drivers/STM32F3xx_HAL_Driver/Src/stm32f3xx_hal_rcc_ex.o
 .comment       0x0000000000000043       0x44 ./Drivers/STM32F3xx_HAL_Driver/Src/stm32f3xx_hal_tim.o
 .comment       0x0000000000000043       0x44 ./Drivers/STM32F3xx_HAL_Driver/Src/stm32f3xx_hal_tim_ex.o
 .comment       0x0000000000000043       0x44 ./Drivers/STM32F3xx_HAL_Driver/Src/stm32f3xx_hal_uart.o
 .comment       0x0000000000000043       0x44 ./Drivers/STM32F3xx_HAL_Driver/Src/stm32f3xx_hal_uart_ex.o

.debug_info     0x0000000000000000    0x106be
 .debug_info    0x0000000000000000      0x879 ./Core/Src/LCD1602.o
 .debug_info    0x0000000000000879     0x125f ./Core/Src/main.o
 .debug_info    0x0000000000001ad8      0x92f ./Core/Src/msg_handler.o
 .debug_info    0x0000000000002407      0xf8b ./Core/Src/stm32f3xx_hal_msp.o
 .debug_info    0x0000000000003392      0xb3b ./Core/Src/stm32f3xx_it.o
 .debug_info    0x0000000000003ecd      0x407 ./Core/Src/system_stm32f3xx.o
 .debug_info    0x00000000000042d4       0x23 ./Core/Startup/startup_stm32f303retx.o
 .debug_info    0x00000000000042f7      0x804 ./Drivers/STM32F3xx_HAL_Driver/Src/stm32f3xx_hal.o
 .debug_info    0x0000000000004afb      0xcdf ./Drivers/STM32F3xx_HAL_Driver/Src/stm32f3xx_hal_cortex.o
 .debug_info    0x00000000000057da      0x6e1 ./Drivers/STM32F3xx_HAL_Driver/Src/stm32f3xx_hal_dma.o
 .debug_info    0x0000000000005ebb      0x6a6 ./Drivers/STM32F3xx_HAL_Driver/Src/stm32f3xx_hal_gpio.o
 .debug_info    0x0000000000006561     0x1501 ./Drivers/STM32F3xx_HAL_Driver/Src/stm32f3xx_hal_rcc.o
 .debug_info    0x0000000000007a62      0x663 ./Drivers/STM32F3xx_HAL_Driver/Src/stm32f3xx_hal_rcc_ex.o
 .debug_info    0x00000000000080c5     0x2a52 ./Drivers/STM32F3xx_HAL_Driver/Src/stm32f3xx_hal_tim.o
 .debug_info    0x000000000000ab17     0x156d ./Drivers/STM32F3xx_HAL_Driver/Src/stm32f3xx_hal_tim_ex.o
 .debug_info    0x000000000000c084     0x39a8 ./Drivers/STM32F3xx_HAL_Driver/Src/stm32f3xx_hal_uart.o
 .debug_info    0x000000000000fa2c      0xc92 ./Drivers/STM32F3xx_HAL_Driver/Src/stm32f3xx_hal_uart_ex.o

.debug_abbrev   0x0000000000000000     0x2453
 .debug_abbrev  0x0000000000000000      0x1cf ./Core/Src/LCD1602.o
 .debug_abbrev  0x00000000000001cf      0x2d7 ./Core/Src/main.o
 .debug_abbrev  0x00000000000004a6      0x20e ./Core/Src/msg_handler.o
 .debug_abbrev  0x00000000000006b4      0x1c4 ./Core/Src/stm32f3xx_hal_msp.o
 .debug_abbrev  0x0000000000000878      0x1ca ./Core/Src/stm32f3xx_it.o
 .debug_abbrev  0x0000000000000a42      0x11a ./Core/Src/system_stm32f3xx.o
 .debug_abbrev  0x0000000000000b5c       0x12 ./Core/Startup/startup_stm32f303retx.o
 .debug_abbrev  0x0000000000000b6e      0x215 ./Drivers/STM32F3xx_HAL_Driver/Src/stm32f3xx_hal.o
 .debug_abbrev  0x0000000000000d83      0x329 ./Drivers/STM32F3xx_HAL_Driver/Src/stm32f3xx_hal_cortex.o
 .debug_abbrev  0x00000000000010ac      0x20d ./Drivers/STM32F3xx_HAL_Driver/Src/stm32f3xx_hal_dma.o
 .debug_abbrev  0x00000000000012b9      0x1ca ./Drivers/STM32F3xx_HAL_Driver/Src/stm32f3xx_hal_gpio.o
 .debug_abbrev  0x0000000000001483      0x300 ./Drivers/STM32F3xx_HAL_Driver/Src/stm32f3xx_hal_rcc.o
 .debug_abbrev  0x0000000000001783      0x245 ./Drivers/STM32F3xx_HAL_Driver/Src/stm32f3xx_hal_rcc_ex.o
 .debug_abbrev  0x00000000000019c8      0x278 ./Drivers/STM32F3xx_HAL_Driver/Src/stm32f3xx_hal_tim.o
 .debug_abbrev  0x0000000000001c40      0x283 ./Drivers/STM32F3xx_HAL_Driver/Src/stm32f3xx_hal_tim_ex.o
 .debug_abbrev  0x0000000000001ec3      0x2d1 ./Drivers/STM32F3xx_HAL_Driver/Src/stm32f3xx_hal_uart.o
 .debug_abbrev  0x0000000000002194      0x2bf ./Drivers/STM32F3xx_HAL_Driver/Src/stm32f3xx_hal_uart_ex.o

.debug_aranges  0x0000000000000000      0xd68
 .debug_aranges
                0x0000000000000000       0x58 ./Core/Src/LCD1602.o
 .debug_aranges
                0x0000000000000058       0x58 ./Core/Src/main.o
 .debug_aranges
                0x00000000000000b0       0x28 ./Core/Src/msg_handler.o
 .debug_aranges
                0x00000000000000d8       0x40 ./Core/Src/stm32f3xx_hal_msp.o
 .debug_aranges
                0x0000000000000118       0x78 ./Core/Src/stm32f3xx_it.o
 .debug_aranges
                0x0000000000000190       0x28 ./Core/Src/system_stm32f3xx.o
 .debug_aranges
                0x00000000000001b8       0x28 ./Core/Startup/startup_stm32f303retx.o
 .debug_aranges
                0x00000000000001e0       0xe0 ./Drivers/STM32F3xx_HAL_Driver/Src/stm32f3xx_hal.o
 .debug_aranges
                0x00000000000002c0      0x118 ./Drivers/STM32F3xx_HAL_Driver/Src/stm32f3xx_hal_cortex.o
 .debug_aranges
                0x00000000000003d8       0x88 ./Drivers/STM32F3xx_HAL_Driver/Src/stm32f3xx_hal_dma.o
 .debug_aranges
                0x0000000000000460       0x58 ./Drivers/STM32F3xx_HAL_Driver/Src/stm32f3xx_hal_gpio.o
 .debug_aranges
                0x00000000000004b8       0x88 ./Drivers/STM32F3xx_HAL_Driver/Src/stm32f3xx_hal_rcc.o
 .debug_aranges
                0x0000000000000540       0x38 ./Drivers/STM32F3xx_HAL_Driver/Src/stm32f3xx_hal_rcc_ex.o
 .debug_aranges
                0x0000000000000578      0x3e0 ./Drivers/STM32F3xx_HAL_Driver/Src/stm32f3xx_hal_tim.o
 .debug_aranges
                0x0000000000000958      0x178 ./Drivers/STM32F3xx_HAL_Driver/Src/stm32f3xx_hal_tim_ex.o
 .debug_aranges
                0x0000000000000ad0      0x228 ./Drivers/STM32F3xx_HAL_Driver/Src/stm32f3xx_hal_uart.o
 .debug_aranges
                0x0000000000000cf8       0x70 ./Drivers/STM32F3xx_HAL_Driver/Src/stm32f3xx_hal_uart_ex.o

.debug_rnglists
                0x0000000000000000      0xa7c
 .debug_rnglists
                0x0000000000000000       0x3e ./Core/Src/LCD1602.o
 .debug_rnglists
                0x000000000000003e       0x41 ./Core/Src/main.o
 .debug_rnglists
                0x000000000000007f       0x1a ./Core/Src/msg_handler.o
 .debug_rnglists
                0x0000000000000099       0x2c ./Core/Src/stm32f3xx_hal_msp.o
 .debug_rnglists
                0x00000000000000c5       0x55 ./Core/Src/stm32f3xx_it.o
 .debug_rnglists
                0x000000000000011a       0x1a ./Core/Src/system_stm32f3xx.o
 .debug_rnglists
                0x0000000000000134       0x19 ./Core/Startup/startup_stm32f303retx.o
 .debug_rnglists
                0x000000000000014d       0xa3 ./Drivers/STM32F3xx_HAL_Driver/Src/stm32f3xx_hal.o
 .debug_rnglists
                0x00000000000001f0       0xce ./Drivers/STM32F3xx_HAL_Driver/Src/stm32f3xx_hal_cortex.o
 .debug_rnglists
                0x00000000000002be       0x69 ./Drivers/STM32F3xx_HAL_Driver/Src/stm32f3xx_hal_dma.o
 .debug_rnglists
                0x0000000000000327       0x3f ./Drivers/STM32F3xx_HAL_Driver/Src/stm32f3xx_hal_gpio.o
 .debug_rnglists
                0x0000000000000366       0x66 ./Drivers/STM32F3xx_HAL_Driver/Src/stm32f3xx_hal_rcc.o
 .debug_rnglists
                0x00000000000003cc       0x29 ./Drivers/STM32F3xx_HAL_Driver/Src/stm32f3xx_hal_rcc_ex.o
 .debug_rnglists
                0x00000000000003f5      0x328 ./Drivers/STM32F3xx_HAL_Driver/Src/stm32f3xx_hal_tim.o
 .debug_rnglists
                0x000000000000071d      0x131 ./Drivers/STM32F3xx_HAL_Driver/Src/stm32f3xx_hal_tim_ex.o
 .debug_rnglists
                0x000000000000084e      0x1da ./Drivers/STM32F3xx_HAL_Driver/Src/stm32f3xx_hal_uart.o
 .debug_rnglists
                0x0000000000000a28       0x54 ./Drivers/STM32F3xx_HAL_Driver/Src/stm32f3xx_hal_uart_ex.o

.debug_macro    0x0000000000000000    0x20ee3
 .debug_macro   0x0000000000000000      0x23b ./Core/Src/LCD1602.o
 .debug_macro   0x000000000000023b      0xaa8 ./Core/Src/LCD1602.o
 .debug_macro   0x0000000000000ce3      0x157 ./Core/Src/LCD1602.o
 .debug_macro   0x0000000000000e3a       0x2e ./Core/Src/LCD1602.o
 .debug_macro   0x0000000000000e68       0x28 ./Core/Src/LCD1602.o
 .debug_macro   0x0000000000000e90       0x22 ./Core/Src/LCD1602.o
 .debug_macro   0x0000000000000eb2       0x8e ./Core/Src/LCD1602.o
 .debug_macro   0x0000000000000f40       0x51 ./Core/Src/LCD1602.o
 .debug_macro   0x0000000000000f91      0x103 ./Core/Src/LCD1602.o
 .debug_macro   0x0000000000001094       0x6a ./Core/Src/LCD1602.o
 .debug_macro   0x00000000000010fe      0x1df ./Core/Src/LCD1602.o
 .debug_macro   0x00000000000012dd       0x1c ./Core/Src/LCD1602.o
 .debug_macro   0x00000000000012f9       0x22 ./Core/Src/LCD1602.o
 .debug_macro   0x000000000000131b       0xd9 ./Core/Src/LCD1602.o
 .debug_macro   0x00000000000013f4     0x102d ./Core/Src/LCD1602.o
 .debug_macro   0x0000000000002421      0x11f ./Core/Src/LCD1602.o
 .debug_macro   0x0000000000002540    0x1535a ./Core/Src/LCD1602.o
 .debug_macro   0x000000000001789a       0x6d ./Core/Src/LCD1602.o
 .debug_macro   0x0000000000017907     0x3558 ./Core/Src/LCD1602.o
 .debug_macro   0x000000000001ae5f      0x174 ./Core/Src/LCD1602.o
 .debug_macro   0x000000000001afd3       0x55 ./Core/Src/LCD1602.o
 .debug_macro   0x000000000001b028      0x953 ./Core/Src/LCD1602.o
 .debug_macro   0x000000000001b97b      0x84a ./Core/Src/LCD1602.o
 .debug_macro   0x000000000001c1c5      0x1b5 ./Core/Src/LCD1602.o
 .debug_macro   0x000000000001c37a      0x23a ./Core/Src/LCD1602.o
 .debug_macro   0x000000000001c5b4      0x1ea ./Core/Src/LCD1602.o
 .debug_macro   0x000000000001c79e      0x1bc ./Core/Src/LCD1602.o
 .debug_macro   0x000000000001c95a       0x30 ./Core/Src/LCD1602.o
 .debug_macro   0x000000000001c98a       0x3c ./Core/Src/LCD1602.o
 .debug_macro   0x000000000001c9c6      0x235 ./Core/Src/LCD1602.o
 .debug_macro   0x000000000001cbfb       0xc5 ./Core/Src/LCD1602.o
 .debug_macro   0x000000000001ccc0      0x21d ./Core/Src/LCD1602.o
 .debug_macro   0x000000000001cedd      0x22c ./Core/Src/LCD1602.o
 .debug_macro   0x000000000001d109       0x5b ./Core/Src/LCD1602.o
 .debug_macro   0x000000000001d164       0xa5 ./Core/Src/LCD1602.o
 .debug_macro   0x000000000001d209       0x81 ./Core/Src/LCD1602.o
 .debug_macro   0x000000000001d28a       0xd3 ./Core/Src/LCD1602.o
 .debug_macro   0x000000000001d35d      0xa59 ./Core/Src/LCD1602.o
 .debug_macro   0x000000000001ddb6       0xba ./Core/Src/LCD1602.o
 .debug_macro   0x000000000001de70      0x5ba ./Core/Src/LCD1602.o
 .debug_macro   0x000000000001e42a       0x44 ./Core/Src/LCD1602.o
 .debug_macro   0x000000000001e46e      0x347 ./Core/Src/LCD1602.o
 .debug_macro   0x000000000001e7b5      0x2cc ./Core/Src/main.o
 .debug_macro   0x000000000001ea81       0x58 ./Core/Src/main.o
 .debug_macro   0x000000000001ead9       0x61 ./Core/Src/main.o
 .debug_macro   0x000000000001eb3a       0x2a ./Core/Src/main.o
 .debug_macro   0x000000000001eb64       0x43 ./Core/Src/main.o
 .debug_macro   0x000000000001eba7       0x34 ./Core/Src/main.o
 .debug_macro   0x000000000001ebdb       0x16 ./Core/Src/main.o
 .debug_macro   0x000000000001ebf1       0x43 ./Core/Src/main.o
 .debug_macro   0x000000000001ec34       0x34 ./Core/Src/main.o
 .debug_macro   0x000000000001ec68       0x10 ./Core/Src/main.o
 .debug_macro   0x000000000001ec78       0x58 ./Core/Src/main.o
 .debug_macro   0x000000000001ecd0       0x8e ./Core/Src/main.o
 .debug_macro   0x000000000001ed5e       0x1c ./Core/Src/main.o
 .debug_macro   0x000000000001ed7a      0x177 ./Core/Src/main.o
 .debug_macro   0x000000000001eef1      0x369 ./Core/Src/main.o
 .debug_macro   0x000000000001f25a       0x10 ./Core/Src/main.o
 .debug_macro   0x000000000001f26a       0x35 ./Core/Src/main.o
 .debug_macro   0x000000000001f29f       0x20 ./Core/Src/main.o
 .debug_macro   0x000000000001f2bf      0x2c8 ./Core/Src/msg_handler.o
 .debug_macro   0x000000000001f587      0x1e6 ./Core/Src/stm32f3xx_hal_msp.o
 .debug_macro   0x000000000001f76d      0x2cc ./Core/Src/stm32f3xx_it.o
 .debug_macro   0x000000000001fa39      0x1d7 ./Core/Src/system_stm32f3xx.o
 .debug_macro   0x000000000001fc10      0x1fb ./Drivers/STM32F3xx_HAL_Driver/Src/stm32f3xx_hal.o
 .debug_macro   0x000000000001fe0b      0x1d7 ./Drivers/STM32F3xx_HAL_Driver/Src/stm32f3xx_hal_cortex.o
 .debug_macro   0x000000000001ffe2      0x1d7 ./Drivers/STM32F3xx_HAL_Driver/Src/stm32f3xx_hal_dma.o
 .debug_macro   0x00000000000201b9      0x1de ./Drivers/STM32F3xx_HAL_Driver/Src/stm32f3xx_hal_gpio.o
 .debug_macro   0x0000000000020397      0x1fb ./Drivers/STM32F3xx_HAL_Driver/Src/stm32f3xx_hal_rcc.o
 .debug_macro   0x0000000000020592      0x1d7 ./Drivers/STM32F3xx_HAL_Driver/Src/stm32f3xx_hal_rcc_ex.o
 .debug_macro   0x0000000000020769      0x1d8 ./Drivers/STM32F3xx_HAL_Driver/Src/stm32f3xx_hal_tim.o
 .debug_macro   0x0000000000020941      0x1d7 ./Drivers/STM32F3xx_HAL_Driver/Src/stm32f3xx_hal_tim_ex.o
 .debug_macro   0x0000000000020b18      0x1f4 ./Drivers/STM32F3xx_HAL_Driver/Src/stm32f3xx_hal_uart.o
 .debug_macro   0x0000000000020d0c      0x1d7 ./Drivers/STM32F3xx_HAL_Driver/Src/stm32f3xx_hal_uart_ex.o

.debug_line     0x0000000000000000    0x12185
 .debug_line    0x0000000000000000      0x854 ./Core/Src/LCD1602.o
 .debug_line    0x0000000000000854      0xbb1 ./Core/Src/main.o
 .debug_line    0x0000000000001405      0xa4a ./Core/Src/msg_handler.o
 .debug_line    0x0000000000001e4f      0x81f ./Core/Src/stm32f3xx_hal_msp.o
 .debug_line    0x000000000000266e      0xade ./Core/Src/stm32f3xx_it.o
 .debug_line    0x000000000000314c      0x7b9 ./Core/Src/system_stm32f3xx.o
 .debug_line    0x0000000000003905       0x7a ./Core/Startup/startup_stm32f303retx.o
 .debug_line    0x000000000000397f      0x9e9 ./Drivers/STM32F3xx_HAL_Driver/Src/stm32f3xx_hal.o
 .debug_line    0x0000000000004368      0xcae ./Drivers/STM32F3xx_HAL_Driver/Src/stm32f3xx_hal_cortex.o
 .debug_line    0x0000000000005016      0xcfb ./Drivers/STM32F3xx_HAL_Driver/Src/stm32f3xx_hal_dma.o
 .debug_line    0x0000000000005d11      0xb70 ./Drivers/STM32F3xx_HAL_Driver/Src/stm32f3xx_hal_gpio.o
 .debug_line    0x0000000000006881     0x13db ./Drivers/STM32F3xx_HAL_Driver/Src/stm32f3xx_hal_rcc.o
 .debug_line    0x0000000000007c5c      0xf01 ./Drivers/STM32F3xx_HAL_Driver/Src/stm32f3xx_hal_rcc_ex.o
 .debug_line    0x0000000000008b5d     0x3e80 ./Drivers/STM32F3xx_HAL_Driver/Src/stm32f3xx_hal_tim.o
 .debug_line    0x000000000000c9dd     0x1b1d ./Drivers/STM32F3xx_HAL_Driver/Src/stm32f3xx_hal_tim_ex.o
 .debug_line    0x000000000000e4fa     0x312b ./Drivers/STM32F3xx_HAL_Driver/Src/stm32f3xx_hal_uart.o
 .debug_line    0x0000000000011625      0xb60 ./Drivers/STM32F3xx_HAL_Driver/Src/stm32f3xx_hal_uart_ex.o

.debug_str      0x0000000000000000    0xc997e
 .debug_str     0x0000000000000000    0xc2c97 ./Core/Src/LCD1602.o
                                      0xc33f1 (size before relaxing)
 .debug_str     0x00000000000c2c97     0x3a88 ./Core/Src/main.o
                                      0xc6d32 (size before relaxing)
 .debug_str     0x00000000000c671f       0xdb ./Core/Src/msg_handler.o
                                      0xc651b (size before relaxing)
 .debug_str     0x00000000000c67fa      0x460 ./Core/Src/stm32f3xx_hal_msp.o
                                      0xc3bbb (size before relaxing)
 .debug_str     0x00000000000c6c5a      0x135 ./Core/Src/stm32f3xx_it.o
                                      0xc685c (size before relaxing)
 .debug_str     0x00000000000c6d8f       0xe9 ./Core/Src/system_stm32f3xx.o
                                      0xc2e14 (size before relaxing)
 .debug_str     0x00000000000c6e78       0x34 ./Core/Startup/startup_stm32f303retx.o
                                         0x71 (size before relaxing)
 .debug_str     0x00000000000c6eac      0x37a ./Drivers/STM32F3xx_HAL_Driver/Src/stm32f3xx_hal.o
                                      0xc36bd (size before relaxing)
 .debug_str     0x00000000000c7226      0x345 ./Drivers/STM32F3xx_HAL_Driver/Src/stm32f3xx_hal_cortex.o
                                      0xc370f (size before relaxing)
 .debug_str     0x00000000000c756b      0x248 ./Drivers/STM32F3xx_HAL_Driver/Src/stm32f3xx_hal_dma.o
                                      0xc315c (size before relaxing)
 .debug_str     0x00000000000c77b3      0x169 ./Drivers/STM32F3xx_HAL_Driver/Src/stm32f3xx_hal_gpio.o
                                      0xc2ff9 (size before relaxing)
 .debug_str     0x00000000000c791c      0x2dd ./Drivers/STM32F3xx_HAL_Driver/Src/stm32f3xx_hal_rcc.o
                                      0xc32b8 (size before relaxing)
 .debug_str     0x00000000000c7bf9       0xbe ./Drivers/STM32F3xx_HAL_Driver/Src/stm32f3xx_hal_rcc_ex.o
                                      0xc3102 (size before relaxing)
 .debug_str     0x00000000000c7cb7      0xdfb ./Drivers/STM32F3xx_HAL_Driver/Src/stm32f3xx_hal_tim.o
                                      0xc423b (size before relaxing)
 .debug_str     0x00000000000c8ab2      0x4dc ./Drivers/STM32F3xx_HAL_Driver/Src/stm32f3xx_hal_tim_ex.o
                                      0xc3a91 (size before relaxing)
 .debug_str     0x00000000000c8f8e      0x838 ./Drivers/STM32F3xx_HAL_Driver/Src/stm32f3xx_hal_uart.o
                                      0xc3b37 (size before relaxing)
 .debug_str     0x00000000000c97c6      0x1b8 ./Drivers/STM32F3xx_HAL_Driver/Src/stm32f3xx_hal_uart_ex.o
                                      0xc343c (size before relaxing)

.debug_frame    0x0000000000000000     0x37f4
 .debug_frame   0x0000000000000000      0x124 ./Core/Src/LCD1602.o
 .debug_frame   0x0000000000000124      0x110 ./Core/Src/main.o
 .debug_frame   0x0000000000000234       0x58 ./Core/Src/msg_handler.o
 .debug_frame   0x000000000000028c       0xc4 ./Core/Src/stm32f3xx_hal_msp.o
 .debug_frame   0x0000000000000350      0x158 ./Core/Src/stm32f3xx_it.o
 .debug_frame   0x00000000000004a8       0x58 ./Core/Src/system_stm32f3xx.o
 .debug_frame   0x0000000000000500      0x334 ./Drivers/STM32F3xx_HAL_Driver/Src/stm32f3xx_hal.o
 .debug_frame   0x0000000000000834      0x498 ./Drivers/STM32F3xx_HAL_Driver/Src/stm32f3xx_hal_cortex.o
 .debug_frame   0x0000000000000ccc      0x224 ./Drivers/STM32F3xx_HAL_Driver/Src/stm32f3xx_hal_dma.o
 .debug_frame   0x0000000000000ef0      0x14c ./Drivers/STM32F3xx_HAL_Driver/Src/stm32f3xx_hal_gpio.o
 .debug_frame   0x000000000000103c      0x214 ./Drivers/STM32F3xx_HAL_Driver/Src/stm32f3xx_hal_rcc.o
 .debug_frame   0x0000000000001250       0xb0 ./Drivers/STM32F3xx_HAL_Driver/Src/stm32f3xx_hal_rcc_ex.o
 .debug_frame   0x0000000000001300     0x121c ./Drivers/STM32F3xx_HAL_Driver/Src/stm32f3xx_hal_tim.o
 .debug_frame   0x000000000000251c      0x688 ./Drivers/STM32F3xx_HAL_Driver/Src/stm32f3xx_hal_tim_ex.o
 .debug_frame   0x0000000000002ba4      0x9e8 ./Drivers/STM32F3xx_HAL_Driver/Src/stm32f3xx_hal_uart.o
 .debug_frame   0x000000000000358c      0x1b4 ./Drivers/STM32F3xx_HAL_Driver/Src/stm32f3xx_hal_uart_ex.o
 .debug_frame   0x0000000000003740       0x20 E:/STM32_eco_system/cube_ide/STM32CubeIDE_1.13.2/STM32CubeIDE/plugins/com.st.stm32cube.ide.mcu.externaltools.gnu-tools-for-stm32.11.3.rel1.win32_1.1.1.202309131626/tools/bin/../lib/gcc/arm-none-eabi/11.3.1/../../../../arm-none-eabi/lib/thumb/v7e-m+fp/hard\libc_nano.a(libc_a-memset.o)
 .debug_frame   0x0000000000003760       0x20 E:/STM32_eco_system/cube_ide/STM32CubeIDE_1.13.2/STM32CubeIDE/plugins/com.st.stm32cube.ide.mcu.externaltools.gnu-tools-for-stm32.11.3.rel1.win32_1.1.1.202309131626/tools/bin/../lib/gcc/arm-none-eabi/11.3.1/../../../../arm-none-eabi/lib/thumb/v7e-m+fp/hard\libc_nano.a(libc_a-strchr.o)
 .debug_frame   0x0000000000003780       0x28 E:/STM32_eco_system/cube_ide/STM32CubeIDE_1.13.2/STM32CubeIDE/plugins/com.st.stm32cube.ide.mcu.externaltools.gnu-tools-for-stm32.11.3.rel1.win32_1.1.1.202309131626/tools/bin/../lib/gcc/arm-none-eabi/11.3.1/../../../../arm-none-eabi/lib/thumb/v7e-m+fp/hard\libc_nano.a(libc_a-strncpy.o)
 .debug_frame   0x00000000000037a8       0x2c E:/STM32_eco_system/cube_ide/STM32CubeIDE_1.13.2/STM32CubeIDE/plugins/com.st.stm32cube.ide.mcu.externaltools.gnu-tools-for-stm32.11.3.rel1.win32_1.1.1.202309131626/tools/bin/../lib/gcc/arm-none-eabi/11.3.1/../../../../arm-none-eabi/lib/thumb/v7e-m+fp/hard\libc_nano.a(libc_a-init.o)
 .debug_frame   0x00000000000037d4       0x20 E:/STM32_eco_system/cube_ide/STM32CubeIDE_1.13.2/STM32CubeIDE/plugins/com.st.stm32cube.ide.mcu.externaltools.gnu-tools-for-stm32.11.3.rel1.win32_1.1.1.202309131626/tools/bin/../lib/gcc/arm-none-eabi/11.3.1/../../../../arm-none-eabi/lib/thumb/v7e-m+fp/hard\libc_nano.a(libc_a-strcpy.o)

.debug_line_str
                0x0000000000000000       0x65
 .debug_line_str
                0x0000000000000000       0x65 ./Core/Startup/startup_stm32f303retx.o
                                         0x7d (size before relaxing)
